// Jest Snapshot v1, https://goo.gl/fbAQLP

exports[`Snapshot 1`] = `
Object {
  "Outputs": Object {
    "botaliasid": Object {
      "Value": Object {
        "Fn::GetAtt": Array [
          "LexCustomResource",
          "bot_alias_id",
        ],
      },
    },
    "botid": Object {
      "Value": Object {
        "Fn::GetAtt": Array [
          "LexCustomResource",
          "bot_id",
        ],
      },
    },
  },
  "Parameters": Object {
    "BootstrapVersion": Object {
      "Default": "/cdk-bootstrap/hnb659fds/version",
      "Description": "Version of the CDK Bootstrap resources in this environment, automatically retrieved from SSM Parameter Store. [cdk:skip]",
      "Type": "AWS::SSM::Parameter::Value<String>",
    },
  },
  "Resources": Object {
    "LexCustomResource": Object {
      "DeletionPolicy": "Delete",
      "Properties": Object {
        "ServiceToken": Object {
          "Fn::GetAtt": Array [
            "LexResourceProviderframeworkonEventE1C16B88",
            "Arn",
          ],
        },
        "lex_role_arn": Object {
          "Fn::GetAtt": Array [
            "lexRoleE3E65104",
            "Arn",
          ],
        },
        "uid": "test",
      },
      "Type": "AWS::CloudFormation::CustomResource",
      "UpdateReplacePolicy": "Delete",
    },
    "LexResourceProviderframeworkonEventE1C16B88": Object {
      "DependsOn": Array [
        "LexResourceProviderframeworkonEventServiceRoleDefaultPolicy3BE23700",
        "LexResourceProviderframeworkonEventServiceRoleF4A29C32",
      ],
      "Properties": Object {
        "Code": Object {
          "S3Bucket": Object {
            "Fn::Sub": "cdk-hnb659fds-assets-\${AWS::AccountId}-\${AWS::Region}",
          },
          "S3Key": "eaeb69bc290b516fe3b049f89d6118b22249df682fbabf56af300cf345198574.zip",
        },
        "Description": "AWS CDK resource provider framework - onEvent (test/LexResourceProvider)",
        "Environment": Object {
          "Variables": Object {
            "USER_ON_EVENT_FUNCTION_ARN": Object {
              "Fn::GetAtt": Array [
                "lexDeployLambdaD1E685F5",
                "Arn",
              ],
            },
          },
        },
        "Handler": "framework.onEvent",
        "Role": Object {
          "Fn::GetAtt": Array [
            "LexResourceProviderframeworkonEventServiceRoleF4A29C32",
            "Arn",
          ],
        },
        "Runtime": "nodejs12.x",
        "Timeout": 900,
      },
      "Type": "AWS::Lambda::Function",
    },
    "LexResourceProviderframeworkonEventServiceRoleDefaultPolicy3BE23700": Object {
      "Properties": Object {
        "PolicyDocument": Object {
          "Statement": Array [
            Object {
              "Action": "lambda:InvokeFunction",
              "Effect": "Allow",
              "Resource": Array [
                Object {
                  "Fn::GetAtt": Array [
                    "lexDeployLambdaD1E685F5",
                    "Arn",
                  ],
                },
                Object {
                  "Fn::Join": Array [
                    "",
                    Array [
                      Object {
                        "Fn::GetAtt": Array [
                          "lexDeployLambdaD1E685F5",
                          "Arn",
                        ],
                      },
                      ":*",
                    ],
                  ],
                },
              ],
            },
          ],
          "Version": "2012-10-17",
        },
        "PolicyName": "LexResourceProviderframeworkonEventServiceRoleDefaultPolicy3BE23700",
        "Roles": Array [
          Object {
            "Ref": "LexResourceProviderframeworkonEventServiceRoleF4A29C32",
          },
        ],
      },
      "Type": "AWS::IAM::Policy",
    },
    "LexResourceProviderframeworkonEventServiceRoleF4A29C32": Object {
      "Properties": Object {
        "AssumeRolePolicyDocument": Object {
          "Statement": Array [
            Object {
              "Action": "sts:AssumeRole",
              "Effect": "Allow",
              "Principal": Object {
                "Service": "lambda.amazonaws.com",
              },
            },
          ],
          "Version": "2012-10-17",
        },
        "ManagedPolicyArns": Array [
          Object {
            "Fn::Join": Array [
              "",
              Array [
                "arn:",
                Object {
                  "Ref": "AWS::Partition",
                },
                ":iam::aws:policy/service-role/AWSLambdaBasicExecutionRole",
              ],
            ],
          },
        ],
      },
      "Type": "AWS::IAM::Role",
    },
    "lexCustomResourceRole1A161537": Object {
      "Properties": Object {
        "AssumeRolePolicyDocument": Object {
          "Statement": Array [
            Object {
              "Action": "sts:AssumeRole",
              "Effect": "Allow",
              "Principal": Object {
                "Service": "lambda.amazonaws.com",
              },
            },
          ],
          "Version": "2012-10-17",
        },
        "ManagedPolicyArns": Array [
          Object {
            "Fn::Join": Array [
              "",
              Array [
                "arn:",
                Object {
                  "Ref": "AWS::Partition",
                },
                ":iam::aws:policy/service-role/AWSLambdaBasicExecutionRole",
              ],
            ],
          },
        ],
        "Policies": Array [
          Object {
            "PolicyDocument": Object {
              "Statement": Array [
                Object {
                  "Action": Array [
                    "lex:UpdateSlot",
                    "lex:ListBots",
                    "lex:UpdateBotAlias",
                    "lex:DeleteCustomVocabulary",
                    "lex:DeleteBotVersion",
                    "lex:DeleteBotChannel",
                    "lex:CreateResourcePolicy",
                    "lex:UpdateBotLocale",
                    "lex:ListBotAliases",
                    "lex:CreateCustomVocabulary",
                    "lex:CreateBotLocale",
                    "lex:DeleteIntent",
                    "lex:StartImport",
                    "lex:UpdateSlotType",
                    "lex:BuildBotLocale",
                    "lex:CreateBot",
                    "lex:DeleteBotAlias",
                    "lex:CreateIntent",
                    "lex:CreateUploadUrl",
                    "lex:DeleteBot",
                    "lex:CreateBotAlias",
                    "lex:CreateSlotType",
                    "lex:DeleteBotLocale",
                    "lex:UpdateCustomVocabulary",
                    "lex:UpdateResourcePolicy",
                    "lex:CreateSlot",
                    "lex:DeleteSlot",
                    "lex:UpdateBot",
                    "lex:DeleteSlotType",
                    "lex:UpdateIntent",
                    "lex:DeleteResourcePolicy",
                    "iam:PassRole",
                  ],
                  "Effect": "Allow",
                  "Resource": "*",
                },
              ],
              "Version": "2012-10-17",
            },
            "PolicyName": "lambdaPolicy",
          },
        ],
      },
      "Type": "AWS::IAM::Role",
    },
    "lexDeployLambdaD1E685F5": Object {
      "DependsOn": Array [
        "lexCustomResourceRole1A161537",
      ],
      "Properties": Object {
        "Architectures": Array [
          "arm64",
        ],
        "Code": Object {
          "S3Bucket": Object {
            "Fn::Sub": "cdk-hnb659fds-assets-\${AWS::AccountId}-\${AWS::Region}",
          },
          "S3Key": "949978c10c9a8d54b79b0d3c8486e6f7ad2ee56f289a2f8e6ce12b84613e87e7.zip",
        },
        "Handler": "index.handler",
        "Role": Object {
          "Fn::GetAtt": Array [
            "lexCustomResourceRole1A161537",
            "Arn",
          ],
        },
        "Runtime": "python3.9",
        "Timeout": 60,
      },
      "Type": "AWS::Lambda::Function",
    },
    "lexRoleE3E65104": Object {
      "Properties": Object {
        "AssumeRolePolicyDocument": Object {
          "Statement": Array [
            Object {
              "Action": "sts:AssumeRole",
              "Effect": "Allow",
              "Principal": Object {
                "Service": "lex.amazonaws.com",
              },
            },
          ],
          "Version": "2012-10-17",
        },
        "Policies": Array [
          Object {
            "PolicyDocument": Object {
              "Statement": Array [
                Object {
                  "Action": Array [
                    "polly:SynthesizeSpeech",
                    "comprehend:DetectSentiment",
                  ],
                  "Effect": "Allow",
                  "Resource": "*",
                },
              ],
              "Version": "2012-10-17",
            },
            "PolicyName": "lexPolicy",
          },
        ],
      },
      "Type": "AWS::IAM::Role",
    },
  },
  "Rules": Object {
    "CheckBootstrapVersion": Object {
      "Assertions": Array [
        Object {
          "Assert": Object {
            "Fn::Not": Array [
              Object {
                "Fn::Contains": Array [
                  Array [
                    "1",
                    "2",
                    "3",
                    "4",
                    "5",
                  ],
                  Object {
                    "Ref": "BootstrapVersion",
                  },
                ],
              },
            ],
          },
          "AssertDescription": "CDK bootstrap stack version 6 required. Please run 'cdk bootstrap' with a recent version of the CDK CLI.",
        },
      ],
    },
  },
}
`;
